F:/Embedded Systems/STM32F401RCT6-Black_Pill/Src/CortexM4/CortexM4_CORE_Systic.c:13:10:Systic_Init	24	static
F:/Embedded Systems/STM32F401RCT6-Black_Pill/Src/CortexM4/CortexM4_CORE_Systic.c:34:10:Systic_DeInit	16	static
F:/Embedded Systems/STM32F401RCT6-Black_Pill/Src/CortexM4/CortexM4_CORE_Systic.c:43:10:Systic_WaitBlocking	24	static
F:/Embedded Systems/STM32F401RCT6-Black_Pill/Src/CortexM4/CortexM4_CORE_Systic.c:61:10:Systic_SingleInterval	24	static
F:/Embedded Systems/STM32F401RCT6-Black_Pill/Src/CortexM4/CortexM4_CORE_Systic.c:76:10:Systic_PereodicInterval	24	static
F:/Embedded Systems/STM32F401RCT6-Black_Pill/Src/CortexM4/CortexM4_CORE_Systic.c:93:6:SysTick_Handler	8	static
