D:/Embedded Systems/STM32F401RCT6-Black_Pill/Src/CortexM4/CortexM4_CORE_Systick.c:17:10:Systick_Init	24	static
D:/Embedded Systems/STM32F401RCT6-Black_Pill/Src/CortexM4/CortexM4_CORE_Systick.c:42:10:Systick_DeInit	16	static
D:/Embedded Systems/STM32F401RCT6-Black_Pill/Src/CortexM4/CortexM4_CORE_Systick.c:55:10:Systick_WaitBlocking	24	static
D:/Embedded Systems/STM32F401RCT6-Black_Pill/Src/CortexM4/CortexM4_CORE_Systick.c:78:10:Systick_SingleInterval	24	static
D:/Embedded Systems/STM32F401RCT6-Black_Pill/Src/CortexM4/CortexM4_CORE_Systick.c:98:10:Systick_PereodicInterval	24	static
D:/Embedded Systems/STM32F401RCT6-Black_Pill/Src/CortexM4/CortexM4_CORE_Systick.c:122:10:Systick_GetReminingTicks	16	static
D:/Embedded Systems/STM32F401RCT6-Black_Pill/Src/CortexM4/CortexM4_CORE_Systick.c:133:10:Systick_GetElabsedTicks	16	static
D:/Embedded Systems/STM32F401RCT6-Black_Pill/Src/CortexM4/CortexM4_CORE_Systick.c:141:6:SysTick_Handler	8	static
